// Jest Snapshot v1, https://goo.gl/fbAQLP

exports[`DeleteUserButton component snapshot 1`] = `
<DocumentFragment>
  <button
    class="admin-users-delete-button"
  >
    Delete
  </button>
</DocumentFragment>
`;
