// Jest Snapshot v1, https://goo.gl/fbAQLP

exports[`Admin component snapshot 1`] = `
<DocumentFragment>
  <div
    class="admin-container"
  >
    <div
      class="admin-column"
    >
      <h2>
        Users:
      </h2>
      <ul />
    </div>
    <div
      class="admin-column-divider"
    />
    <div
      class="admin-column"
    >
      <h2>
        Routes:
      </h2>
      <ul />
    </div>
  </div>
</DocumentFragment>
`;
