// Jest Snapshot v1, https://goo.gl/fbAQLP

exports[`PromoteUserButton component snapshot 1`] = `
<DocumentFragment>
  <button
    class="admin-users-promote-button"
  >
    Promote
  </button>
</DocumentFragment>
`;
