// Jest Snapshot v1, https://goo.gl/fbAQLP

exports[`HomePage  component snapshot 1`] = `
<DocumentFragment>
  <div
    class="goodbye-container"
  >
    <h1>
      Sorry to see you go :(
    </h1>
    <p>
      Hope we see you again :)
    </p>
  </div>
</DocumentFragment>
`;
