// Jest Snapshot v1, https://goo.gl/fbAQLP

exports[`Logout component snapshot 1`] = `
<DocumentFragment>
  <div>
    Logging out...
  </div>
</DocumentFragment>
`;
