// Jest Snapshot v1, https://goo.gl/fbAQLP

exports[`Welcome component snapshot 1`] = `
<DocumentFragment>
  <div
    class="welcome-page"
  >
    <h1>
      Welcome to TurRuter
    </h1>
    <p>
      Please Wait then login..
    </p>
  </div>
</DocumentFragment>
`;
